// Jest Snapshot v1, https://goo.gl/fbAQLP

exports[`Accordion when component renders should render the component 1`] = `
<div>
  <section
    class="css-nvtxod"
    data-testid="accordion"
  >
    <button
      aria-controls="accordion-content"
      aria-expanded="false"
      class="css-1054hxc"
      data-testid="accordion-button"
    >
      Title 1
      <svg
        class="css-me3p27"
        data-testid="arrow-down"
        fill="currentColor"
        height="24"
        stroke="currentColor"
        stroke-width="0"
        viewBox="0 0 512 512"
        width="24"
        xmlns="http://www.w3.org/2000/svg"
      >
        <title>
          Open accordion icon
        </title>
        <path
          d="M256 294.1L383 167c9.4-9.4 24.6-9.4 33.9 0s9.3 24.6 0 34L273 345c-9.1 9.1-23.7 9.3-33.1.7L95 201.1c-4.7-4.7-7-10.9-7-17s2.3-12.3 7-17c9.4-9.4 24.6-9.4 33.9 0l127.1 127z"
        />
      </svg>
    </button>
  </section>
</div>
`;
